// Jest Snapshot v1, https://goo.gl/fbAQLP

exports[`<FilmScreen/> should match the snapshot 1`] = `"<div class=\\"loading-container\\"><img src=\\"loading.gif\\" alt=\\"LOADING\\" class=\\"loading\\"/><span class=\\"loading-label\\">Loading...</span></div>"`;
